Starting Job Alert Bot...
Warning: Could not fetch Remotive jobs: 526 Server Error: <none> for url: https://remotive.io/api/remote-jobs
No entry level jobs found today.
